
=========== approvals  2026-08-13 16:01:10 IST ===========
approve.py — mail mode: live
  Manas: list
1 command(s) handled
--- approvals exited 0 ---

=========== approvals  2026-08-13 16:04:32 IST ===========
approve.py — mail mode: live
  Manas: list
  Manas: list
2 command(s) handled
--- approvals exited 0 ---

=========== approvals  2026-08-13 16:07:46 IST ===========
approve.py — mail mode: live
0 command(s) handled
--- approvals exited 0 ---
To https://github.com/manashinde16/Job-Application.git
 ! [rejected]        main -> main (fetch first)
error: failed to push some refs to 'https://github.com/manashinde16/Job-Application.git'
hint: Updates were rejected because the remote contains work that you do not
hint: have locally. This is usually caused by another repository pushing to
hint: the same ref. If you want to integrate the remote changes, use
hint: 'git pull' before pushing again.
hint: See the 'Note about fast-forwards' in 'git push --help' for details.
push failed (offline?)

=========== approvals  2026-08-13 16:14:07 IST ===========
approve.py — mail mode: live
0 command(s) handled
--- approvals exited 0 ---

=========== approvals  2026-08-13 16:15:11 IST ===========
approve.py — mail mode: live
0 command(s) handled
--- approvals exited 0 ---

=========== approvals  2026-08-13 16:16:16 IST ===========
approve.py — mail mode: live
0 command(s) handled
--- approvals exited 0 ---

=========== approvals  2026-08-13 16:17:20 IST ===========
approve.py — mail mode: live
0 command(s) handled
--- approvals exited 0 ---

=========== approvals  2026-08-13 16:18:24 IST ===========
approve.py — mail mode: live
  Manas: list
1 command(s) handled
--- approvals exited 0 ---

=========== approvals  2026-08-26 15:13:05 IST ===========
approve.py — mail mode: live
0 command(s) handled
--- approvals exited 0 ---
To https://github.com/manashinde16/Job-Application.git
 ! [rejected]        main -> main (non-fast-forward)
error: failed to push some refs to 'https://github.com/manashinde16/Job-Application.git'
hint: Updates were rejected because a pushed branch tip is behind its remote
hint: counterpart. If you want to integrate the remote changes, use 'git pull'
hint: before pushing again.
hint: See the 'Note about fast-forwards' in 'git push --help' for details.
push failed (offline?)

=========== approvals  2026-08-26 15:14:08 IST ===========
approve.py — mail mode: live
0 command(s) handled
--- approvals exited 0 ---
To https://github.com/manashinde16/Job-Application.git
 ! [rejected]        main -> main (non-fast-forward)
error: failed to push some refs to 'https://github.com/manashinde16/Job-Application.git'
hint: Updates were rejected because a pushed branch tip is behind its remote
hint: counterpart. If you want to integrate the remote changes, use 'git pull'
hint: before pushing again.
hint: See the 'Note about fast-forwards' in 'git push --help' for details.
push failed (offline?)

=========== approvals  2026-08-26 15:15:13 IST ===========
approve.py — mail mode: live
0 command(s) handled
--- approvals exited 0 ---
